// Jest Snapshot v1, https://goo.gl/fbAQLP

exports[`Login renders the login page 1`] = `
<DocumentFragment>
  <div
    class="sc-bczRLJ doKmgW"
  >
    <div
      class="sc-gKXOVf lglQeP"
    >
      <div
        class="sc-hKMtZM RmZUw"
      >
        <h1
          class="sc-eCYdqJ cPjzgk"
        >
          Login
        </h1>
        <p>
          Login to access your account
        </p>
      </div>
      <section>
        <form>
          <div
            class="sc-jSMfEi cbYRGd"
          >
            <label
              for="email"
            >
              Email:
            </label>
            <input
              class="sc-gsnTZi dYzNv"
              data-testid="email-input"
              id="email"
              name="email"
              required=""
              type="email"
              value=""
            />
          </div>
          <div>
            <label
              for="password"
            >
              Password:
            </label>
            <input
              class="sc-gsnTZi dYzNv"
              data-testid="password-input"
              id="password"
              name="password"
              required=""
              type="password"
              value=""
            />
          </div>
          <div>
            <button
              class="sc-dkzDqf idLZHp"
              type="submit"
            >
              Login
            </button>
          </div>
          <div
            class="sc-iBkjds jxABVU"
          >
            <a
              class="sc-ftvSup eRLnRy"
              href="/register"
            >
              Sign Up Instead
            </a>
          </div>
        </form>
      </section>
    </div>
  </div>
</DocumentFragment>
`;
