// Jest Snapshot v1, https://goo.gl/fbAQLP

exports[`OurUsers renders the our users page 1`] = `
<DocumentFragment>
  <section
    class="sc-papXJ jJMshX"
  >
    <h2>
      Loading...
    </h2>
  </section>
</DocumentFragment>
`;
